servlets\SellerLoginServlet.class
servlets\ReceiptServlet.class
servlets\CheckoutServlet.class
servlets\CartServlet.class
servlets\ErrorHandlerServlet.class
com\bittercode\constant\db\BooksDBConstants.class
servlets\CustomerLoginServlet.class
com\bittercode\model\StoreException.class
com\bittercode\service\UserService.class
com\bittercode\util\StoreUtil.class
com\bittercode\model\Book.class
com\bittercode\service\BookService.class
com\bittercode\service\impl\UserServiceImpl.class
com\bittercode\service\impl\BookServiceImpl.class
servlets\CustomerRegisterServlet.class
com\bittercode\util\DBUtil.class
com\bittercode\constant\BookStoreConstants.class
com\bittercode\model\Cart.class
com\bittercode\util\DatabaseConfig.class
com\bittercode\model\package-info.class
servlets\AddBookServlet.class
servlets\AboutServlet.class
com\bittercode\constant\ResponseCode.class
servlets\RemoveBookServlet.class
servlets\ProcessPaymentServlet.class
servlets\UpdateBookServlet.class
com\bittercode\model\User.class
servlets\LogoutServlet.class
servlets\BuyBooksServlet.class
com\bittercode\constant\db\UsersDBConstants.class
com\bittercode\model\Address.class
com\bittercode\model\UserRole.class
servlets\ViewBookServlet.class
servlets\StoreBookServlet.class
