C:\Users\venka\git\demo\onlinebookstore\src\main\java\com\bittercode\service\BookService.java
C:\Users\venka\git\demo\onlinebookstore\src\main\java\com\bittercode\model\Address.java
C:\Users\venka\git\demo\onlinebookstore\src\main\java\com\bittercode\service\UserService.java
C:\Users\venka\git\demo\onlinebookstore\src\main\java\com\bittercode\model\Book.java
C:\Users\venka\git\demo\onlinebookstore\src\main\java\servlets\CustomerRegisterServlet.java
C:\Users\venka\git\demo\onlinebookstore\src\main\java\servlets\ReceiptServlet.java
C:\Users\venka\git\demo\onlinebookstore\src\main\java\servlets\ViewBookServlet.java
C:\Users\venka\git\demo\onlinebookstore\src\main\java\com\bittercode\constant\BookStoreConstants.java
C:\Users\venka\git\demo\onlinebookstore\src\main\java\servlets\ErrorHandlerServlet.java
C:\Users\venka\git\demo\onlinebookstore\src\main\java\com\bittercode\util\DatabaseConfig.java
C:\Users\venka\git\demo\onlinebookstore\src\main\java\servlets\CartServlet.java
C:\Users\venka\git\demo\onlinebookstore\src\main\java\com\bittercode\model\UserRole.java
C:\Users\venka\git\demo\onlinebookstore\src\main\java\servlets\AddBookServlet.java
C:\Users\venka\git\demo\onlinebookstore\src\main\java\servlets\CustomerLoginServlet.java
C:\Users\venka\git\demo\onlinebookstore\src\main\java\com\bittercode\service\impl\UserServiceImpl.java
C:\Users\venka\git\demo\onlinebookstore\src\main\java\com\bittercode\model\StoreException.java
C:\Users\venka\git\demo\onlinebookstore\src\main\java\com\bittercode\constant\db\UsersDBConstants.java
C:\Users\venka\git\demo\onlinebookstore\src\main\java\com\bittercode\model\package-info.java
C:\Users\venka\git\demo\onlinebookstore\src\main\java\servlets\StoreBookServlet.java
C:\Users\venka\git\demo\onlinebookstore\src\main\java\servlets\ProcessPaymentServlet.java
C:\Users\venka\git\demo\onlinebookstore\src\main\java\servlets\AboutServlet.java
C:\Users\venka\git\demo\onlinebookstore\src\main\java\servlets\LogoutServlet.java
C:\Users\venka\git\demo\onlinebookstore\src\main\java\servlets\BuyBooksServlet.java
C:\Users\venka\git\demo\onlinebookstore\src\main\java\servlets\SellerLoginServlet.java
C:\Users\venka\git\demo\onlinebookstore\src\main\java\com\bittercode\model\User.java
C:\Users\venka\git\demo\onlinebookstore\src\main\java\com\bittercode\util\StoreUtil.java
C:\Users\venka\git\demo\onlinebookstore\src\main\java\servlets\CheckoutServlet.java
C:\Users\venka\git\demo\onlinebookstore\src\main\java\com\bittercode\model\Cart.java
C:\Users\venka\git\demo\onlinebookstore\src\main\java\com\bittercode\service\impl\BookServiceImpl.java
C:\Users\venka\git\demo\onlinebookstore\src\main\java\com\bittercode\util\DBUtil.java
C:\Users\venka\git\demo\onlinebookstore\src\main\java\com\bittercode\constant\db\BooksDBConstants.java
C:\Users\venka\git\demo\onlinebookstore\src\main\java\com\bittercode\constant\ResponseCode.java
C:\Users\venka\git\demo\onlinebookstore\src\main\java\servlets\RemoveBookServlet.java
C:\Users\venka\git\demo\onlinebookstore\src\main\java\servlets\UpdateBookServlet.java
